// Jest Snapshot v1, https://goo.gl/fbAQLP

exports[`<RealmProvider /> adds realm to the context 1`] = `
<Text>
  Todos: 
  0
</Text>
`;
